[Star Wars,0,1] => Rental Record for customer name
	Star Wars	2
Amount owed is 2
You earned 1 frequent renter points
[Star Wars,0,2] => Rental Record for customer name
	Star Wars	2
Amount owed is 2
You earned 1 frequent renter points
[Star Wars,0,3] => Rental Record for customer name
	Star Wars	3.5
Amount owed is 3.5
You earned 1 frequent renter points
[Star Wars,0,4] => Rental Record for customer name
	Star Wars	5
Amount owed is 5
You earned 1 frequent renter points
[Star Wars,1,1] => Rental Record for customer name
	Star Wars	3
Amount owed is 3
You earned 1 frequent renter points
[Star Wars,1,2] => Rental Record for customer name
	Star Wars	6
Amount owed is 6
You earned 2 frequent renter points
[Star Wars,1,3] => Rental Record for customer name
	Star Wars	9
Amount owed is 9
You earned 2 frequent renter points
[Star Wars,1,4] => Rental Record for customer name
	Star Wars	12
Amount owed is 12
You earned 2 frequent renter points
[Star Wars,2,1] => Rental Record for customer name
	Star Wars	1.5
Amount owed is 1.5
You earned 1 frequent renter points
[Star Wars,2,2] => Rental Record for customer name
	Star Wars	1.5
Amount owed is 1.5
You earned 1 frequent renter points
[Star Wars,2,3] => Rental Record for customer name
	Star Wars	1.5
Amount owed is 1.5
You earned 1 frequent renter points
[Star Wars,2,4] => Rental Record for customer name
	Star Wars	3
Amount owed is 3
You earned 1 frequent renter points
